Consulate provides a normalized HTTP endpoint that responds with 
200 / non-200 according to Consul checks specified in the requested URL.
This endpoint can then be composed with existing HTTP based monitoring tools, like
AWS ELB health checks, to enable service monitoring based on Consul checks.

Usage:
  consulate [command]

Available Commands:
  help        Help about any command
  server      Runs the Consulate server
  version     Prints the Consulate version

Flags:
      --config string   config file (default is $HOME/.consulate.yaml)
  -h, --help            help for consulate

Use "consulate [command] --help" for more information about a command.
PASS
